2026/03/09 09:25:04 maxprocs: Leaving GOMAXPROCS=8: CPU quota undefined
DEBUG msg=config loaded: config.yaml format: yaml
INFO ts=2026-03-09T09:25:04Z caller=http/server.go:330 service.id=vm-kavya service.name= service.version= trace.id= span.id= msg=[HTTP] server listening on: [::]:8000
INFO ts=2026-03-09T09:25:04Z caller=grpc/server.go:212 service.id=vm-kavya service.name= service.version= trace.id= span.id= msg=[gRPC] server listening on: [::]:9000

2026/03/09 09:25:10 [32m/home/kavya/artpark-hub/taksa-app-traceability/internal/data/traceability.go:197
[0m[33m[24.182ms] [34;1m[rows:1][0m INSERT INTO "enterprise" ("name","description") VALUES ('Global Motors','Global Headquarters') RETURNING "id"

2026/03/09 09:25:10 [32m/home/kavya/artpark-hub/taksa-app-traceability/internal/data/traceability.go:221
[0m[33m[8.574ms] [34;1m[rows:1][0m INSERT INTO "site" ("enterprise_id","name","location","description") VALUES (7,'Detroit Plant','Michigan, USA','') RETURNING "id"

2026/03/09 09:25:10 [32m/home/kavya/artpark-hub/taksa-app-traceability/internal/data/traceability.go:249
[0m[33m[5.105ms] [34;1m[rows:1][0m INSERT INTO "area" ("site_id","name","description") VALUES (7,'Body Shop','Welding Area') RETURNING "id"

2026/03/09 09:25:10 [32m/home/kavya/artpark-hub/taksa-app-traceability/internal/data/traceability.go:277
[0m[33m[4.522ms] [34;1m[rows:1][0m INSERT INTO "production_line" ("area_id","name","description") VALUES (8,'Line A','Main Line') RETURNING "id"

2026/03/09 09:25:10 [32m/home/kavya/artpark-hub/taksa-app-traceability/internal/data/traceability.go:305
[0m[33m[4.484ms] [34;1m[rows:1][0m INSERT INTO "production_unit" ("production_line_id","name","description") VALUES (9,'Station-01','Robot Slot') RETURNING "id"

2026/03/09 09:25:10 [32m/home/kavya/artpark-hub/taksa-app-traceability/internal/data/traceability.go:340
[0m[33m[4.620ms] [34;1m[rows:1][0m INSERT INTO "equipment_class" ("class_name","version","description") VALUES ('Kuka Robot','v2.0','') RETURNING "id"

2026/03/09 09:25:10 [32m/home/kavya/artpark-hub/taksa-app-traceability/internal/data/traceability.go:381
[0m[33m[5.795ms] [34;1m[rows:1][0m INSERT INTO "equipment_master" ("id","physical_asset_id","production_unit_id","equipment_class_id","operational_status","parent_equipment_id") VALUES ('ROBOT-1773048307','SN-1773048307',12,12,'active',NULL)

2026/03/09 09:25:10 [32m/home/kavya/artpark-hub/taksa-app-traceability/internal/data/traceability.go:508
[0m[33m[4.875ms] [34;1m[rows:1][0m INSERT INTO "material_definition" ("name","material_type","unit_of_measure","description") VALUES ('Raw Silicon','RAW_MATERIAL','kg','') RETURNING "id"

2026/03/09 09:25:10 [32m/home/kavya/artpark-hub/taksa-app-traceability/internal/data/traceability.go:508
[0m[33m[3.133ms] [34;1m[rows:1][0m INSERT INTO "material_definition" ("name","material_type","unit_of_measure","description") VALUES ('Silicon Slurry','WORK_IN_PROGRESS','liters','') RETURNING "id"

2026/03/09 09:25:10 [32m/home/kavya/artpark-hub/taksa-app-traceability/internal/data/traceability.go:607
[0m[33m[4.240ms] [34;1m[rows:1][0m INSERT INTO "operator" ("operator_id","name","role","shift","status") VALUES ('OP-TEST-1773048307','Test Operator','Quality Control','DAY_SHIFT','active')

2026/03/09 09:25:10 [32m/home/kavya/artpark-hub/taksa-app-traceability/internal/data/traceability.go:548
[0m[33m[6.323ms] [34;1m[rows:1][0m INSERT INTO "material_lot" ("lot_id","material_definition_id","quantity","unit_of_measure","status","created_at","updated_at") VALUES ('LOT-SIL-1773048307',18,100,'kg','available','2026-03-09 09:25:10.523','2026-03-09 09:25:10.523')

2026/03/09 09:25:10 [32m/home/kavya/artpark-hub/taksa-app-traceability/internal/data/traceability.go:548
[0m[33m[3.476ms] [34;1m[rows:1][0m INSERT INTO "material_lot" ("lot_id","material_definition_id","quantity","unit_of_measure","status","created_at","updated_at") VALUES ('WIP-1773048307',19,0,'liters','available','2026-03-09 09:25:10.532','2026-03-09 09:25:10.532')

2026/03/09 09:25:10 [32m/home/kavya/artpark-hub/taksa-app-traceability/internal/data/traceability.go:655
[0m[33m[7.036ms] [34;1m[rows:1][0m INSERT INTO "work_order" ("work_order_id","description","status","equipment_id","operator_id","output_lot_id","planned_quantity","actual_quantity","unit_of_measure","planned_start","planned_end","actual_start","actual_end") VALUES ('WO-TEST-1773048307','Test Production Run','planned','ROBOT-1773048307','OP-TEST-1773048307','WIP-1773048307',10,NULL,'units','2026-02-27 10:00:00','2026-02-27 18:00:00',NULL,NULL)

2026/03/09 09:25:10 [32m/home/kavya/artpark-hub/taksa-app-traceability/internal/data/traceability.go:767
[0m[33m[8.592ms] [34;1m[rows:1][0m INSERT INTO "lot_genealogy" ("parent_lot_id","child_lot_id","work_order_id","equipment_id","quantity_consumed","quantity_produced","event_time") VALUES ('LOT-SIL-1773048307','WIP-1773048307','WO-TEST-1773048307','ROBOT-1773048307',50,10,'2026-03-09 09:25:10.553') RETURNING "id"

2026/03/09 09:25:10 [32m/home/kavya/artpark-hub/taksa-app-traceability/internal/data/traceability.go:792
[0m[33m[16.795ms] [34;1m[rows:1][0m WITH RECURSIVE backward_trace AS (
		SELECT lg.parent_lot_id, lg.child_lot_id, lg.work_order_id, lg.equipment_id, lg.quantity_consumed AS qty_used, lg.event_time, 1 AS depth
		FROM lot_genealogy lg WHERE lg.child_lot_id = 'WIP-1773048307'
		UNION ALL
		SELECT lg.parent_lot_id, lg.child_lot_id, lg.work_order_id, lg.equipment_id, lg.quantity_consumed AS qty_used, lg.event_time, bt.depth + 1
		FROM lot_genealogy lg JOIN backward_trace bt ON lg.child_lot_id = bt.parent_lot_id
	)
	SELECT bt.depth, bt.parent_lot_id AS lot_id, bt.child_lot_id AS related_lot_id, md.name AS material_name, md.material_type,
		ml.status AS lot_status, ml.quantity, ml.unit_of_measure, bt.qty_used AS quantity_used,
		bt.work_order_id, bt.equipment_id, ec.class_name AS equipment_class_name, wo.operator_id, op.name AS operator_name, bt.event_time
	FROM backward_trace bt
	JOIN material_lot ml ON ml.lot_id = bt.parent_lot_id JOIN material_definition md ON md.id = ml.material_definition_id
	LEFT JOIN equipment_master em ON em.id = bt.equipment_id LEFT JOIN equipment_class ec ON ec.id = em.equipment_class_id
	LEFT JOIN work_order wo ON wo.work_order_id = bt.work_order_id LEFT JOIN operator op ON op.operator_id = wo.operator_id
	ORDER BY bt.depth, bt.parent_lot_id

2026/03/09 09:25:10 [32m/home/kavya/artpark-hub/taksa-app-traceability/internal/data/traceability.go:835
[0m[33m[7.214ms] [34;1m[rows:2][0m WITH RECURSIVE backward AS (
		SELECT lg.parent_lot_id AS lot_id FROM lot_genealogy lg WHERE lg.child_lot_id = 'WIP-1773048307'
		UNION SELECT lg.parent_lot_id FROM lot_genealogy lg JOIN backward b ON lg.child_lot_id = b.lot_id
	), forward AS (
		SELECT lg.child_lot_id AS lot_id FROM lot_genealogy lg WHERE lg.parent_lot_id = 'WIP-1773048307'
		UNION SELECT lg.child_lot_id FROM lot_genealogy lg JOIN forward f ON lg.parent_lot_id = f.lot_id
	), all_lot_ids AS (
		SELECT lot_id FROM backward UNION SELECT 'WIP-1773048307' AS lot_id UNION SELECT lot_id FROM forward
	)
	SELECT ml.lot_id, md.name AS material_name, md.material_type, ml.status, ml.quantity, ml.unit_of_measure
	FROM all_lot_ids a JOIN material_lot ml ON ml.lot_id = a.lot_id JOIN material_definition md ON md.id = ml.material_definition_id
	ORDER BY ml.created_at

2026/03/09 09:25:10 [32m/home/kavya/artpark-hub/taksa-app-traceability/internal/data/traceability.go:856
[0m[33m[3.907ms] [34;1m[rows:1][0m WITH RECURSIVE backward AS (
		SELECT lg.parent_lot_id AS lot_id FROM lot_genealogy lg WHERE lg.child_lot_id = 'WIP-1773048307'
		UNION SELECT lg.parent_lot_id FROM lot_genealogy lg JOIN backward b ON lg.child_lot_id = b.lot_id
	), forward AS (
		SELECT lg.child_lot_id AS lot_id FROM lot_genealogy lg WHERE lg.parent_lot_id = 'WIP-1773048307'
		UNION SELECT lg.child_lot_id FROM lot_genealogy lg JOIN forward f ON lg.parent_lot_id = f.lot_id
	), all_lot_ids AS (
		SELECT lot_id FROM backward UNION SELECT 'WIP-1773048307' AS lot_id UNION SELECT lot_id FROM forward
	)
	SELECT lg.parent_lot_id AS source_lot_id, lg.child_lot_id AS target_lot_id, lg.work_order_id, lg.equipment_id,
		lg.quantity_consumed, lg.quantity_produced, lg.event_time
	FROM lot_genealogy lg WHERE lg.parent_lot_id IN (SELECT lot_id FROM all_lot_ids) OR lg.child_lot_id IN (SELECT lot_id FROM all_lot_ids)
	ORDER BY lg.event_time

2026/03/09 09:25:10 [32m/home/kavya/artpark-hub/taksa-app-traceability/internal/data/traceability.go:815
[0m[33m[6.275ms] [34;1m[rows:1][0m WITH RECURSIVE forward_trace AS (
		SELECT lg.parent_lot_id, lg.child_lot_id, lg.work_order_id, lg.equipment_id, lg.quantity_produced AS qty_used, lg.event_time, 1 AS depth
		FROM lot_genealogy lg WHERE lg.parent_lot_id = 'LOT-SIL-1773048307'
		UNION ALL
		SELECT lg.parent_lot_id, lg.child_lot_id, lg.work_order_id, lg.equipment_id, lg.quantity_produced AS qty_used, lg.event_time, ft.depth + 1
		FROM lot_genealogy lg JOIN forward_trace ft ON lg.parent_lot_id = ft.child_lot_id
	)
	SELECT ft.depth, ft.child_lot_id AS lot_id, ft.parent_lot_id AS related_lot_id, md.name AS material_name, md.material_type,
		ml.status AS lot_status, ml.quantity, ml.unit_of_measure, ft.qty_used AS quantity_used,
		ft.work_order_id, ft.equipment_id, ec.class_name AS equipment_class_name, wo.operator_id, op.name AS operator_name, ft.event_time
	FROM forward_trace ft
	JOIN material_lot ml ON ml.lot_id = ft.child_lot_id JOIN material_definition md ON md.id = ml.material_definition_id
	LEFT JOIN equipment_master em ON em.id = ft.equipment_id LEFT JOIN equipment_class ec ON ec.id = em.equipment_class_id
	LEFT JOIN work_order wo ON wo.work_order_id = ft.work_order_id LEFT JOIN operator op ON op.operator_id = wo.operator_id
	ORDER BY ft.depth, ft.child_lot_id

2026/03/09 09:25:10 [32m/home/kavya/artpark-hub/taksa-app-traceability/internal/data/traceability.go:876
[0m[33m[17.551ms] [34;1m[rows:0][0m WITH lot_processing_window AS (
		SELECT tl.equipment_id, MIN(tl.event_time) AS process_start, MAX(tl.event_time) AS process_end
		FROM traceability_log tl WHERE tl.material_lot_id = 'WIP-1773048307' GROUP BY tl.equipment_id
	)
	SELECT et.equipment_id, ec.class_name AS equipment_class_name, et.parameter_name, et.unit_of_measure,
		MIN(et.value) AS min_value, MAX(et.value) AS max_value, AVG(et.value) AS avg_value, COUNT(et.value) AS reading_count,
		lpw.process_start, lpw.process_end
	FROM lot_processing_window lpw
	JOIN equipment_telemetry et ON et.equipment_id = lpw.equipment_id AND et.recorded_at >= lpw.process_start AND et.recorded_at <= lpw.process_end
	JOIN equipment_master em ON em.id = et.equipment_id JOIN equipment_class ec ON ec.id = em.equipment_class_id
	GROUP BY et.equipment_id, ec.class_name, et.parameter_name, et.unit_of_measure, lpw.process_start, lpw.process_end
	ORDER BY et.equipment_id, et.parameter_name

2026/03/09 09:25:10 [32m/home/kavya/artpark-hub/taksa-app-traceability/internal/data/traceability.go:892
[0m[33m[3.361ms] [34;1m[rows:0][0m WITH lot_processing_window AS (
		SELECT tl.equipment_id, MIN(tl.event_time) AS process_start, MAX(tl.event_time) AS process_end
		FROM traceability_log tl WHERE tl.material_lot_id = 'WIP-1773048307' GROUP BY tl.equipment_id
	)
	SELECT et.equipment_id, et.parameter_name, et.value, et.unit_of_measure, et.recorded_at
	FROM lot_processing_window lpw
	JOIN equipment_telemetry et ON et.equipment_id = lpw.equipment_id AND et.recorded_at >= lpw.process_start AND et.recorded_at <= lpw.process_end
	ORDER BY et.equipment_id, et.parameter_name, et.recorded_at

2026/03/09 09:25:10 [32m/home/kavya/artpark-hub/taksa-app-traceability/internal/data/traceability.go:243
[0m[33m[15.747ms] [34;1m[rows:1][0m DELETE FROM "site" WHERE "site"."id" = 7

2026/03/09 09:25:10 [32m/home/kavya/artpark-hub/taksa-app-traceability/internal/data/traceability.go:215
[0m[33m[2.910ms] [34;1m[rows:1][0m DELETE FROM "enterprise" WHERE "enterprise"."id" = 7
